2026-06-10T18:40:24.645-03:00  INFO 13168 --- [biblioteca] [restartedMain] b.c.e.biblioteca.BibliotecaApplication   : Starting BibliotecaApplication using Java 17.0.12 with PID 13168 (C:\Users\mathe\OneDrive\Desktop\API-Livraria\biblioteca\target\classes started by mathe in C:\Users\mathe\OneDrive\Desktop\API-Livraria\biblioteca)
2026-06-10T18:40:24.721-03:00  INFO 13168 --- [biblioteca] [restartedMain] b.c.e.biblioteca.BibliotecaApplication   : No active profile set, falling back to 1 default profile: "default"
2026-06-10T18:40:25.151-03:00  INFO 13168 --- [biblioteca] [restartedMain] .e.DevToolsPropertyDefaultsPostProcessor : Devtools property defaults active! Set 'spring.devtools.add-properties' to 'false' to disable
2026-06-10T18:40:25.153-03:00  INFO 13168 --- [biblioteca] [restartedMain] .e.DevToolsPropertyDefaultsPostProcessor : For additional web related logging consider setting the 'logging.level.web' property to 'DEBUG'
2026-06-10T18:40:30.291-03:00  INFO 13168 --- [biblioteca] [restartedMain] .s.d.r.c.RepositoryConfigurationDelegate : Bootstrapping Spring Data JPA repositories in DEFAULT mode.
2026-06-10T18:40:30.549-03:00  INFO 13168 --- [biblioteca] [restartedMain] .s.d.r.c.RepositoryConfigurationDelegate : Finished Spring Data repository scanning in 217 ms. Found 4 JPA repository interfaces.
2026-06-10T18:40:33.397-03:00  INFO 13168 --- [biblioteca] [restartedMain] o.s.b.w.embedded.tomcat.TomcatWebServer  : Tomcat initialized with port 8080 (http)
2026-06-10T18:40:33.472-03:00  INFO 13168 --- [biblioteca] [restartedMain] o.apache.catalina.core.StandardService   : Starting service [Tomcat]
2026-06-10T18:40:33.473-03:00  INFO 13168 --- [biblioteca] [restartedMain] o.apache.catalina.core.StandardEngine    : Starting Servlet engine: [Apache Tomcat/10.1.41]
2026-06-10T18:40:33.815-03:00  INFO 13168 --- [biblioteca] [restartedMain] o.a.c.c.C.[Tomcat].[localhost].[/]       : Initializing Spring embedded WebApplicationContext
2026-06-10T18:40:33.823-03:00  INFO 13168 --- [biblioteca] [restartedMain] w.s.c.ServletWebServerApplicationContext : Root WebApplicationContext: initialization completed in 8654 ms
2026-06-10T18:40:34.730-03:00  INFO 13168 --- [biblioteca] [restartedMain] o.hibernate.jpa.internal.util.LogHelper  : HHH000204: Processing PersistenceUnitInfo [name: default]
2026-06-10T18:40:35.025-03:00  INFO 13168 --- [biblioteca] [restartedMain] org.hibernate.Version                    : HHH000412: Hibernate ORM core version 6.6.15.Final
2026-06-10T18:40:35.166-03:00  INFO 13168 --- [biblioteca] [restartedMain] o.h.c.internal.RegionFactoryInitiator    : HHH000026: Second-level cache disabled
2026-06-10T18:40:36.341-03:00  INFO 13168 --- [biblioteca] [restartedMain] o.s.o.j.p.SpringPersistenceUnitInfo      : No LoadTimeWeaver setup: ignoring JPA class transformer
2026-06-10T18:40:36.487-03:00  INFO 13168 --- [biblioteca] [restartedMain] com.zaxxer.hikari.HikariDataSource       : HikariPool-1 - Starting...
2026-06-10T18:40:37.099-03:00  INFO 13168 --- [biblioteca] [restartedMain] com.zaxxer.hikari.pool.HikariPool        : HikariPool-1 - Added connection org.postgresql.jdbc.PgConnection@61b55105
2026-06-10T18:40:37.105-03:00  INFO 13168 --- [biblioteca] [restartedMain] com.zaxxer.hikari.HikariDataSource       : HikariPool-1 - Start completed.
2026-06-10T18:40:37.307-03:00  WARN 13168 --- [biblioteca] [restartedMain] org.hibernate.orm.deprecation            : HHH90000025: PostgreSQLDialect does not need to be specified explicitly using 'hibernate.dialect' (remove the property setting and it will be selected by default)
2026-06-10T18:40:37.384-03:00  INFO 13168 --- [biblioteca] [restartedMain] org.hibernate.orm.connections.pooling    : HHH10001005: Database info:
	Database JDBC URL [Connecting through datasource 'HikariDataSource (HikariPool-1)']
	Database driver: undefined/unknown
	Database version: 18.4
	Autocommit mode: undefined/unknown
	Isolation level: undefined/unknown
	Minimum pool size: undefined/unknown
	Maximum pool size: undefined/unknown
2026-06-10T18:40:39.975-03:00  INFO 13168 --- [biblioteca] [restartedMain] o.h.e.t.j.p.i.JtaPlatformInitiator       : HHH000489: No JTA platform available (set 'hibernate.transaction.jta.platform' to enable JTA platform integration)
2026-06-10T18:40:40.463-03:00  INFO 13168 --- [biblioteca] [restartedMain] j.LocalContainerEntityManagerFactoryBean : Initialized JPA EntityManagerFactory for persistence unit 'default'
2026-06-10T18:40:40.620-03:00  INFO 13168 --- [biblioteca] [restartedMain] r$InitializeUserDetailsManagerConfigurer : Global AuthenticationManager configured with UserDetailsService bean with name userDetailsServiceImpl
2026-06-10T18:40:44.927-03:00  INFO 13168 --- [biblioteca] [restartedMain] o.s.b.d.a.OptionalLiveReloadServer       : LiveReload server is running on port 35729
2026-06-10T18:40:45.076-03:00  INFO 13168 --- [biblioteca] [restartedMain] o.s.b.w.embedded.tomcat.TomcatWebServer  : Tomcat started on port 8080 (http) with context path '/'
2026-06-10T18:40:45.148-03:00  INFO 13168 --- [biblioteca] [restartedMain] b.c.e.biblioteca.BibliotecaApplication   : Started BibliotecaApplication in 23.097 seconds (process running for 24.685)
2026-06-10T18:40:59.992-03:00  INFO 13168 --- [biblioteca] [http-nio-8080-exec-1] o.a.c.c.C.[Tomcat].[localhost].[/]       : Initializing Spring DispatcherServlet 'dispatcherServlet'
2026-06-10T18:40:59.992-03:00  INFO 13168 --- [biblioteca] [http-nio-8080-exec-1] o.s.web.servlet.DispatcherServlet        : Initializing Servlet 'dispatcherServlet'
2026-06-10T18:40:59.992-03:00  INFO 13168 --- [biblioteca] [http-nio-8080-exec-1] o.s.web.servlet.DispatcherServlet        : Completed initialization in 0 ms
2026-06-10T18:41:21.212-03:00 DEBUG 13168 --- [biblioteca] [http-nio-8080-exec-7] org.hibernate.SQL                        : select g1_0.id,g1_0.nome,g1_0.sigla from genero g1_0
2026-06-10T18:41:21.212-03:00 DEBUG 13168 --- [biblioteca] [http-nio-8080-exec-6] org.hibernate.SQL                        : select a1_0.id,a1_0.data_nascimento,a1_0.nacionalidade,a1_0.nome from autor a1_0
2026-06-10T18:41:21.212-03:00 DEBUG 13168 --- [biblioteca] [http-nio-8080-exec-5] org.hibernate.SQL                        : select l1_0.id,l1_0.ano_publicacao,l1_0.id_autor,l1_0.id_editora,l1_0.id_genero,l1_0.isbn,l1_0.titulo from livro l1_0
2026-06-10T18:41:21.212-03:00 DEBUG 13168 --- [biblioteca] [http-nio-8080-exec-8] org.hibernate.SQL                        : select e1_0.id,e1_0.cnpj,e1_0.estado,e1_0.nome from editora e1_0
2026-06-10T18:41:21.294-03:00 DEBUG 13168 --- [biblioteca] [http-nio-8080-exec-5] org.hibernate.SQL                        : select a1_0.id,a1_0.data_nascimento,a1_0.nacionalidade,a1_0.nome from autor a1_0 where a1_0.id=?
2026-06-10T18:41:21.313-03:00 DEBUG 13168 --- [biblioteca] [http-nio-8080-exec-5] org.hibernate.SQL                        : select e1_0.id,e1_0.cnpj,e1_0.estado,e1_0.nome from editora e1_0 where e1_0.id=?
2026-06-10T18:41:21.317-03:00 DEBUG 13168 --- [biblioteca] [http-nio-8080-exec-5] org.hibernate.SQL                        : select g1_0.id,g1_0.nome,g1_0.sigla from genero g1_0 where g1_0.id=?
2026-06-10T18:41:21.321-03:00 DEBUG 13168 --- [biblioteca] [http-nio-8080-exec-5] org.hibernate.SQL                        : select a1_0.id,a1_0.data_nascimento,a1_0.nacionalidade,a1_0.nome from autor a1_0 where a1_0.id=?
2026-06-10T18:41:21.326-03:00 DEBUG 13168 --- [biblioteca] [http-nio-8080-exec-5] org.hibernate.SQL                        : select e1_0.id,e1_0.cnpj,e1_0.estado,e1_0.nome from editora e1_0 where e1_0.id=?
2026-06-10T18:41:21.575-03:00 DEBUG 13168 --- [biblioteca] [http-nio-8080-exec-10] org.hibernate.SQL                        : select l1_0.id,l1_0.ano_publicacao,l1_0.id_autor,l1_0.id_editora,l1_0.id_genero,l1_0.isbn,l1_0.titulo from livro l1_0
2026-06-10T18:41:21.579-03:00 DEBUG 13168 --- [biblioteca] [http-nio-8080-exec-10] org.hibernate.SQL                        : select a1_0.id,a1_0.data_nascimento,a1_0.nacionalidade,a1_0.nome from autor a1_0 where a1_0.id=?
2026-06-10T18:41:21.582-03:00 DEBUG 13168 --- [biblioteca] [http-nio-8080-exec-10] org.hibernate.SQL                        : select e1_0.id,e1_0.cnpj,e1_0.estado,e1_0.nome from editora e1_0 where e1_0.id=?
2026-06-10T18:41:21.585-03:00 DEBUG 13168 --- [biblioteca] [http-nio-8080-exec-10] org.hibernate.SQL                        : select g1_0.id,g1_0.nome,g1_0.sigla from genero g1_0 where g1_0.id=?
2026-06-10T18:41:21.588-03:00 DEBUG 13168 --- [biblioteca] [http-nio-8080-exec-10] org.hibernate.SQL                        : select a1_0.id,a1_0.data_nascimento,a1_0.nacionalidade,a1_0.nome from autor a1_0 where a1_0.id=?
2026-06-10T18:41:21.591-03:00 DEBUG 13168 --- [biblioteca] [http-nio-8080-exec-10] org.hibernate.SQL                        : select e1_0.id,e1_0.cnpj,e1_0.estado,e1_0.nome from editora e1_0 where e1_0.id=?
2026-06-10T18:43:07.688-03:00 DEBUG 13168 --- [biblioteca] [http-nio-8080-exec-7] org.hibernate.SQL                        : select l1_0.id,l1_0.ano_publicacao,l1_0.id_autor,l1_0.id_editora,l1_0.id_genero,l1_0.isbn,l1_0.titulo from livro l1_0
2026-06-10T18:43:07.690-03:00 DEBUG 13168 --- [biblioteca] [http-nio-8080-exec-7] org.hibernate.SQL                        : select a1_0.id,a1_0.data_nascimento,a1_0.nacionalidade,a1_0.nome from autor a1_0 where a1_0.id=?
2026-06-10T18:43:07.693-03:00 DEBUG 13168 --- [biblioteca] [http-nio-8080-exec-7] org.hibernate.SQL                        : select e1_0.id,e1_0.cnpj,e1_0.estado,e1_0.nome from editora e1_0 where e1_0.id=?
2026-06-10T18:43:07.696-03:00 DEBUG 13168 --- [biblioteca] [http-nio-8080-exec-7] org.hibernate.SQL                        : select g1_0.id,g1_0.nome,g1_0.sigla from genero g1_0 where g1_0.id=?
2026-06-10T18:43:07.699-03:00 DEBUG 13168 --- [biblioteca] [http-nio-8080-exec-7] org.hibernate.SQL                        : select a1_0.id,a1_0.data_nascimento,a1_0.nacionalidade,a1_0.nome from autor a1_0 where a1_0.id=?
2026-06-10T18:43:07.700-03:00 DEBUG 13168 --- [biblioteca] [http-nio-8080-exec-7] org.hibernate.SQL                        : select e1_0.id,e1_0.cnpj,e1_0.estado,e1_0.nome from editora e1_0 where e1_0.id=?
2026-06-10T18:43:08.305-03:00 DEBUG 13168 --- [biblioteca] [http-nio-8080-exec-6] org.hibernate.SQL                        : select a1_0.id,a1_0.data_nascimento,a1_0.nacionalidade,a1_0.nome from autor a1_0
2026-06-10T18:43:08.769-03:00 DEBUG 13168 --- [biblioteca] [http-nio-8080-exec-5] org.hibernate.SQL                        : select g1_0.id,g1_0.nome,g1_0.sigla from genero g1_0
2026-06-10T18:43:20.182-03:00 DEBUG 13168 --- [biblioteca] [http-nio-8080-exec-3] org.hibernate.SQL                        : select l1_0.id,l1_0.ano_publicacao,l1_0.id_autor,l1_0.id_editora,l1_0.id_genero,l1_0.isbn,l1_0.titulo from livro l1_0
2026-06-10T18:43:20.184-03:00 DEBUG 13168 --- [biblioteca] [http-nio-8080-exec-3] org.hibernate.SQL                        : select a1_0.id,a1_0.data_nascimento,a1_0.nacionalidade,a1_0.nome from autor a1_0 where a1_0.id=?
2026-06-10T18:43:20.186-03:00 DEBUG 13168 --- [biblioteca] [http-nio-8080-exec-3] org.hibernate.SQL                        : select e1_0.id,e1_0.cnpj,e1_0.estado,e1_0.nome from editora e1_0 where e1_0.id=?
2026-06-10T18:43:20.187-03:00 DEBUG 13168 --- [biblioteca] [http-nio-8080-exec-3] org.hibernate.SQL                        : select g1_0.id,g1_0.nome,g1_0.sigla from genero g1_0 where g1_0.id=?
2026-06-10T18:43:20.190-03:00 DEBUG 13168 --- [biblioteca] [http-nio-8080-exec-3] org.hibernate.SQL                        : select a1_0.id,a1_0.data_nascimento,a1_0.nacionalidade,a1_0.nome from autor a1_0 where a1_0.id=?
2026-06-10T18:43:20.192-03:00 DEBUG 13168 --- [biblioteca] [http-nio-8080-exec-3] org.hibernate.SQL                        : select e1_0.id,e1_0.cnpj,e1_0.estado,e1_0.nome from editora e1_0 where e1_0.id=?
2026-06-10T18:43:20.195-03:00 DEBUG 13168 --- [biblioteca] [http-nio-8080-exec-4] org.hibernate.SQL                        : select g1_0.id,g1_0.nome,g1_0.sigla from genero g1_0
2026-06-10T18:43:20.197-03:00 DEBUG 13168 --- [biblioteca] [http-nio-8080-exec-7] org.hibernate.SQL                        : select e1_0.id,e1_0.cnpj,e1_0.estado,e1_0.nome from editora e1_0
2026-06-10T18:43:20.203-03:00 DEBUG 13168 --- [biblioteca] [http-nio-8080-exec-9] org.hibernate.SQL                        : select a1_0.id,a1_0.data_nascimento,a1_0.nacionalidade,a1_0.nome from autor a1_0
2026-06-10T18:43:20.342-03:00 DEBUG 13168 --- [biblioteca] [http-nio-8080-exec-5] org.hibernate.SQL                        : select l1_0.id,l1_0.ano_publicacao,l1_0.id_autor,l1_0.id_editora,l1_0.id_genero,l1_0.isbn,l1_0.titulo from livro l1_0
2026-06-10T18:43:20.344-03:00 DEBUG 13168 --- [biblioteca] [http-nio-8080-exec-5] org.hibernate.SQL                        : select a1_0.id,a1_0.data_nascimento,a1_0.nacionalidade,a1_0.nome from autor a1_0 where a1_0.id=?
2026-06-10T18:43:20.346-03:00 DEBUG 13168 --- [biblioteca] [http-nio-8080-exec-5] org.hibernate.SQL                        : select e1_0.id,e1_0.cnpj,e1_0.estado,e1_0.nome from editora e1_0 where e1_0.id=?
2026-06-10T18:43:20.348-03:00 DEBUG 13168 --- [biblioteca] [http-nio-8080-exec-5] org.hibernate.SQL                        : select g1_0.id,g1_0.nome,g1_0.sigla from genero g1_0 where g1_0.id=?
2026-06-10T18:43:20.350-03:00 DEBUG 13168 --- [biblioteca] [http-nio-8080-exec-5] org.hibernate.SQL                        : select a1_0.id,a1_0.data_nascimento,a1_0.nacionalidade,a1_0.nome from autor a1_0 where a1_0.id=?
2026-06-10T18:43:20.352-03:00 DEBUG 13168 --- [biblioteca] [http-nio-8080-exec-5] org.hibernate.SQL                        : select e1_0.id,e1_0.cnpj,e1_0.estado,e1_0.nome from editora e1_0 where e1_0.id=?
2026-06-10T18:43:24.131-03:00 DEBUG 13168 --- [biblioteca] [http-nio-8080-exec-8] org.hibernate.SQL                        : select e1_0.id,e1_0.cnpj,e1_0.estado,e1_0.nome from editora e1_0
2026-06-10T18:43:25.872-03:00 DEBUG 13168 --- [biblioteca] [http-nio-8080-exec-10] org.hibernate.SQL                        : select g1_0.id,g1_0.nome,g1_0.sigla from genero g1_0
2026-06-10T18:43:27.835-03:00 DEBUG 13168 --- [biblioteca] [http-nio-8080-exec-1] org.hibernate.SQL                        : select a1_0.id,a1_0.data_nascimento,a1_0.nacionalidade,a1_0.nome from autor a1_0
2026-06-10T18:43:31.574-03:00 DEBUG 13168 --- [biblioteca] [http-nio-8080-exec-2] org.hibernate.SQL                        : select l1_0.id,l1_0.ano_publicacao,l1_0.id_autor,l1_0.id_editora,l1_0.id_genero,l1_0.isbn,l1_0.titulo from livro l1_0
2026-06-10T18:43:31.576-03:00 DEBUG 13168 --- [biblioteca] [http-nio-8080-exec-2] org.hibernate.SQL                        : select a1_0.id,a1_0.data_nascimento,a1_0.nacionalidade,a1_0.nome from autor a1_0 where a1_0.id=?
2026-06-10T18:43:31.577-03:00 DEBUG 13168 --- [biblioteca] [http-nio-8080-exec-2] org.hibernate.SQL                        : select e1_0.id,e1_0.cnpj,e1_0.estado,e1_0.nome from editora e1_0 where e1_0.id=?
2026-06-10T18:43:31.580-03:00 DEBUG 13168 --- [biblioteca] [http-nio-8080-exec-2] org.hibernate.SQL                        : select g1_0.id,g1_0.nome,g1_0.sigla from genero g1_0 where g1_0.id=?
2026-06-10T18:43:31.584-03:00 DEBUG 13168 --- [biblioteca] [http-nio-8080-exec-2] org.hibernate.SQL                        : select a1_0.id,a1_0.data_nascimento,a1_0.nacionalidade,a1_0.nome from autor a1_0 where a1_0.id=?
2026-06-10T18:43:31.589-03:00 DEBUG 13168 --- [biblioteca] [http-nio-8080-exec-2] org.hibernate.SQL                        : select e1_0.id,e1_0.cnpj,e1_0.estado,e1_0.nome from editora e1_0 where e1_0.id=?
2026-06-10T19:23:21.318-03:00  INFO 18940 --- [biblioteca] [restartedMain] b.c.e.biblioteca.BibliotecaApplication   : Starting BibliotecaApplication using Java 17.0.12 with PID 18940 (C:\Users\mathe\OneDrive\Desktop\API-Livraria\biblioteca\target\classes started by mathe in C:\Users\mathe\OneDrive\Desktop\API-Livraria\biblioteca)
2026-06-10T19:23:21.334-03:00  INFO 18940 --- [biblioteca] [restartedMain] b.c.e.biblioteca.BibliotecaApplication   : No active profile set, falling back to 1 default profile: "default"
2026-06-10T19:23:21.647-03:00  INFO 18940 --- [biblioteca] [restartedMain] .e.DevToolsPropertyDefaultsPostProcessor : Devtools property defaults active! Set 'spring.devtools.add-properties' to 'false' to disable
2026-06-10T19:23:21.647-03:00  INFO 18940 --- [biblioteca] [restartedMain] .e.DevToolsPropertyDefaultsPostProcessor : For additional web related logging consider setting the 'logging.level.web' property to 'DEBUG'
2026-06-10T19:23:25.047-03:00  INFO 18940 --- [biblioteca] [restartedMain] .s.d.r.c.RepositoryConfigurationDelegate : Bootstrapping Spring Data JPA repositories in DEFAULT mode.
2026-06-10T19:23:25.253-03:00  INFO 18940 --- [biblioteca] [restartedMain] .s.d.r.c.RepositoryConfigurationDelegate : Finished Spring Data repository scanning in 174 ms. Found 4 JPA repository interfaces.
2026-06-10T19:23:27.193-03:00  INFO 18940 --- [biblioteca] [restartedMain] o.s.b.w.embedded.tomcat.TomcatWebServer  : Tomcat initialized with port 8080 (http)
2026-06-10T19:23:27.248-03:00  INFO 18940 --- [biblioteca] [restartedMain] o.apache.catalina.core.StandardService   : Starting service [Tomcat]
2026-06-10T19:23:27.250-03:00  INFO 18940 --- [biblioteca] [restartedMain] o.apache.catalina.core.StandardEngine    : Starting Servlet engine: [Apache Tomcat/10.1.41]
2026-06-10T19:23:27.414-03:00  INFO 18940 --- [biblioteca] [restartedMain] o.a.c.c.C.[Tomcat].[localhost].[/]       : Initializing Spring embedded WebApplicationContext
2026-06-10T19:23:27.416-03:00  INFO 18940 --- [biblioteca] [restartedMain] w.s.c.ServletWebServerApplicationContext : Root WebApplicationContext: initialization completed in 5767 ms
2026-06-10T19:23:27.956-03:00  INFO 18940 --- [biblioteca] [restartedMain] o.hibernate.jpa.internal.util.LogHelper  : HHH000204: Processing PersistenceUnitInfo [name: default]
2026-06-10T19:23:28.203-03:00  INFO 18940 --- [biblioteca] [restartedMain] org.hibernate.Version                    : HHH000412: Hibernate ORM core version 6.6.15.Final
2026-06-10T19:23:28.338-03:00  INFO 18940 --- [biblioteca] [restartedMain] o.h.c.internal.RegionFactoryInitiator    : HHH000026: Second-level cache disabled
2026-06-10T19:23:29.353-03:00  INFO 18940 --- [biblioteca] [restartedMain] o.s.o.j.p.SpringPersistenceUnitInfo      : No LoadTimeWeaver setup: ignoring JPA class transformer
2026-06-10T19:23:29.445-03:00  INFO 18940 --- [biblioteca] [restartedMain] com.zaxxer.hikari.HikariDataSource       : HikariPool-1 - Starting...
2026-06-10T19:23:29.953-03:00  INFO 18940 --- [biblioteca] [restartedMain] com.zaxxer.hikari.pool.HikariPool        : HikariPool-1 - Added connection org.postgresql.jdbc.PgConnection@1629c29
2026-06-10T19:23:29.956-03:00  INFO 18940 --- [biblioteca] [restartedMain] com.zaxxer.hikari.HikariDataSource       : HikariPool-1 - Start completed.
2026-06-10T19:23:30.083-03:00  WARN 18940 --- [biblioteca] [restartedMain] org.hibernate.orm.deprecation            : HHH90000025: PostgreSQLDialect does not need to be specified explicitly using 'hibernate.dialect' (remove the property setting and it will be selected by default)
2026-06-10T19:23:30.141-03:00  INFO 18940 --- [biblioteca] [restartedMain] org.hibernate.orm.connections.pooling    : HHH10001005: Database info:
	Database JDBC URL [Connecting through datasource 'HikariDataSource (HikariPool-1)']
	Database driver: undefined/unknown
	Database version: 18.4
	Autocommit mode: undefined/unknown
	Isolation level: undefined/unknown
	Minimum pool size: undefined/unknown
	Maximum pool size: undefined/unknown
2026-06-10T19:23:32.228-03:00  INFO 18940 --- [biblioteca] [restartedMain] o.h.e.t.j.p.i.JtaPlatformInitiator       : HHH000489: No JTA platform available (set 'hibernate.transaction.jta.platform' to enable JTA platform integration)
2026-06-10T19:23:32.513-03:00  INFO 18940 --- [biblioteca] [restartedMain] j.LocalContainerEntityManagerFactoryBean : Initialized JPA EntityManagerFactory for persistence unit 'default'
2026-06-10T19:23:32.616-03:00  INFO 18940 --- [biblioteca] [restartedMain] r$InitializeUserDetailsManagerConfigurer : Global AuthenticationManager configured with UserDetailsService bean with name userDetailsServiceImpl
2026-06-10T19:23:35.531-03:00  INFO 18940 --- [biblioteca] [restartedMain] o.s.b.d.a.OptionalLiveReloadServer       : LiveReload server is running on port 35729
2026-06-10T19:23:35.638-03:00  INFO 18940 --- [biblioteca] [restartedMain] o.s.b.w.embedded.tomcat.TomcatWebServer  : Tomcat started on port 8080 (http) with context path '/'
2026-06-10T19:23:35.673-03:00  INFO 18940 --- [biblioteca] [restartedMain] b.c.e.biblioteca.BibliotecaApplication   : Started BibliotecaApplication in 16.538 seconds (process running for 17.353)
2026-06-10T19:24:07.469-03:00  INFO 6212 --- [biblioteca] [restartedMain] b.c.e.biblioteca.BibliotecaApplication   : Starting BibliotecaApplication using Java 17.0.12 with PID 6212 (C:\Users\mathe\OneDrive\Desktop\API-Livraria\biblioteca\target\classes started by mathe in C:\Users\mathe\OneDrive\Desktop\API-Livraria\biblioteca)
2026-06-10T19:24:07.475-03:00  INFO 6212 --- [biblioteca] [restartedMain] b.c.e.biblioteca.BibliotecaApplication   : No active profile set, falling back to 1 default profile: "default"
2026-06-10T19:24:07.636-03:00  INFO 6212 --- [biblioteca] [restartedMain] .e.DevToolsPropertyDefaultsPostProcessor : Devtools property defaults active! Set 'spring.devtools.add-properties' to 'false' to disable
2026-06-10T19:24:07.636-03:00  INFO 6212 --- [biblioteca] [restartedMain] .e.DevToolsPropertyDefaultsPostProcessor : For additional web related logging consider setting the 'logging.level.web' property to 'DEBUG'
2026-06-10T19:24:10.277-03:00  INFO 6212 --- [biblioteca] [restartedMain] .s.d.r.c.RepositoryConfigurationDelegate : Bootstrapping Spring Data JPA repositories in DEFAULT mode.
2026-06-10T19:24:10.473-03:00  INFO 6212 --- [biblioteca] [restartedMain] .s.d.r.c.RepositoryConfigurationDelegate : Finished Spring Data repository scanning in 169 ms. Found 4 JPA repository interfaces.
2026-06-10T19:24:12.431-03:00  INFO 6212 --- [biblioteca] [restartedMain] o.s.b.w.embedded.tomcat.TomcatWebServer  : Tomcat initialized with port 8080 (http)
2026-06-10T19:24:12.468-03:00  INFO 6212 --- [biblioteca] [restartedMain] o.apache.catalina.core.StandardService   : Starting service [Tomcat]
2026-06-10T19:24:12.469-03:00  INFO 6212 --- [biblioteca] [restartedMain] o.apache.catalina.core.StandardEngine    : Starting Servlet engine: [Apache Tomcat/10.1.41]
2026-06-10T19:24:12.615-03:00  INFO 6212 --- [biblioteca] [restartedMain] o.a.c.c.C.[Tomcat].[localhost].[/]       : Initializing Spring embedded WebApplicationContext
2026-06-10T19:24:12.615-03:00  INFO 6212 --- [biblioteca] [restartedMain] w.s.c.ServletWebServerApplicationContext : Root WebApplicationContext: initialization completed in 4978 ms
2026-06-10T19:24:13.078-03:00  INFO 6212 --- [biblioteca] [restartedMain] o.hibernate.jpa.internal.util.LogHelper  : HHH000204: Processing PersistenceUnitInfo [name: default]
2026-06-10T19:24:13.261-03:00  INFO 6212 --- [biblioteca] [restartedMain] org.hibernate.Version                    : HHH000412: Hibernate ORM core version 6.6.15.Final
2026-06-10T19:24:13.371-03:00  INFO 6212 --- [biblioteca] [restartedMain] o.h.c.internal.RegionFactoryInitiator    : HHH000026: Second-level cache disabled
2026-06-10T19:24:14.106-03:00  INFO 6212 --- [biblioteca] [restartedMain] o.s.o.j.p.SpringPersistenceUnitInfo      : No LoadTimeWeaver setup: ignoring JPA class transformer
2026-06-10T19:24:14.196-03:00  INFO 6212 --- [biblioteca] [restartedMain] com.zaxxer.hikari.HikariDataSource       : HikariPool-1 - Starting...
2026-06-10T19:24:14.631-03:00  INFO 6212 --- [biblioteca] [restartedMain] com.zaxxer.hikari.pool.HikariPool        : HikariPool-1 - Added connection org.postgresql.jdbc.PgConnection@51716cd0
2026-06-10T19:24:14.634-03:00  INFO 6212 --- [biblioteca] [restartedMain] com.zaxxer.hikari.HikariDataSource       : HikariPool-1 - Start completed.
2026-06-10T19:24:14.718-03:00  WARN 6212 --- [biblioteca] [restartedMain] org.hibernate.orm.deprecation            : HHH90000025: PostgreSQLDialect does not need to be specified explicitly using 'hibernate.dialect' (remove the property setting and it will be selected by default)
2026-06-10T19:24:14.774-03:00  INFO 6212 --- [biblioteca] [restartedMain] org.hibernate.orm.connections.pooling    : HHH10001005: Database info:
	Database JDBC URL [Connecting through datasource 'HikariDataSource (HikariPool-1)']
	Database driver: undefined/unknown
	Database version: 18.4
	Autocommit mode: undefined/unknown
	Isolation level: undefined/unknown
	Minimum pool size: undefined/unknown
	Maximum pool size: undefined/unknown
2026-06-10T19:24:16.777-03:00  INFO 6212 --- [biblioteca] [restartedMain] o.h.e.t.j.p.i.JtaPlatformInitiator       : HHH000489: No JTA platform available (set 'hibernate.transaction.jta.platform' to enable JTA platform integration)
2026-06-10T19:24:17.033-03:00  INFO 6212 --- [biblioteca] [restartedMain] j.LocalContainerEntityManagerFactoryBean : Initialized JPA EntityManagerFactory for persistence unit 'default'
2026-06-10T19:24:17.129-03:00  INFO 6212 --- [biblioteca] [restartedMain] r$InitializeUserDetailsManagerConfigurer : Global AuthenticationManager configured with UserDetailsService bean with name userDetailsServiceImpl
2026-06-10T19:24:30.697-03:00  INFO 24084 --- [biblioteca] [restartedMain] b.c.e.biblioteca.BibliotecaApplication   : Starting BibliotecaApplication using Java 17.0.12 with PID 24084 (C:\Users\mathe\OneDrive\Desktop\API-Livraria\biblioteca\target\classes started by mathe in C:\Users\mathe\OneDrive\Desktop\API-Livraria\biblioteca)
2026-06-10T19:24:30.703-03:00  INFO 24084 --- [biblioteca] [restartedMain] b.c.e.biblioteca.BibliotecaApplication   : No active profile set, falling back to 1 default profile: "default"
2026-06-10T19:24:30.839-03:00  INFO 24084 --- [biblioteca] [restartedMain] .e.DevToolsPropertyDefaultsPostProcessor : Devtools property defaults active! Set 'spring.devtools.add-properties' to 'false' to disable
2026-06-10T19:24:30.839-03:00  INFO 24084 --- [biblioteca] [restartedMain] .e.DevToolsPropertyDefaultsPostProcessor : For additional web related logging consider setting the 'logging.level.web' property to 'DEBUG'
2026-06-10T19:24:33.236-03:00  INFO 24084 --- [biblioteca] [restartedMain] .s.d.r.c.RepositoryConfigurationDelegate : Bootstrapping Spring Data JPA repositories in DEFAULT mode.
2026-06-10T19:24:33.427-03:00  INFO 24084 --- [biblioteca] [restartedMain] .s.d.r.c.RepositoryConfigurationDelegate : Finished Spring Data repository scanning in 169 ms. Found 4 JPA repository interfaces.
2026-06-10T19:24:35.044-03:00  INFO 24084 --- [biblioteca] [restartedMain] o.s.b.w.embedded.tomcat.TomcatWebServer  : Tomcat initialized with port 8080 (http)
2026-06-10T19:24:35.088-03:00  INFO 24084 --- [biblioteca] [restartedMain] o.apache.catalina.core.StandardService   : Starting service [Tomcat]
2026-06-10T19:24:35.089-03:00  INFO 24084 --- [biblioteca] [restartedMain] o.apache.catalina.core.StandardEngine    : Starting Servlet engine: [Apache Tomcat/10.1.41]
2026-06-10T19:24:35.228-03:00  INFO 24084 --- [biblioteca] [restartedMain] o.a.c.c.C.[Tomcat].[localhost].[/]       : Initializing Spring embedded WebApplicationContext
2026-06-10T19:24:35.230-03:00  INFO 24084 --- [biblioteca] [restartedMain] w.s.c.ServletWebServerApplicationContext : Root WebApplicationContext: initialization completed in 4389 ms
2026-06-10T19:24:35.691-03:00  INFO 24084 --- [biblioteca] [restartedMain] o.hibernate.jpa.internal.util.LogHelper  : HHH000204: Processing PersistenceUnitInfo [name: default]
2026-06-10T19:24:35.888-03:00  INFO 24084 --- [biblioteca] [restartedMain] org.hibernate.Version                    : HHH000412: Hibernate ORM core version 6.6.15.Final
2026-06-10T19:24:35.995-03:00  INFO 24084 --- [biblioteca] [restartedMain] o.h.c.internal.RegionFactoryInitiator    : HHH000026: Second-level cache disabled
2026-06-10T19:24:36.708-03:00  INFO 24084 --- [biblioteca] [restartedMain] o.s.o.j.p.SpringPersistenceUnitInfo      : No LoadTimeWeaver setup: ignoring JPA class transformer
2026-06-10T19:24:36.788-03:00  INFO 24084 --- [biblioteca] [restartedMain] com.zaxxer.hikari.HikariDataSource       : HikariPool-1 - Starting...
2026-06-10T19:24:37.281-03:00  INFO 24084 --- [biblioteca] [restartedMain] com.zaxxer.hikari.pool.HikariPool        : HikariPool-1 - Added connection org.postgresql.jdbc.PgConnection@4dd33d34
2026-06-10T19:24:37.284-03:00  INFO 24084 --- [biblioteca] [restartedMain] com.zaxxer.hikari.HikariDataSource       : HikariPool-1 - Start completed.
2026-06-10T19:24:37.350-03:00  WARN 24084 --- [biblioteca] [restartedMain] org.hibernate.orm.deprecation            : HHH90000025: PostgreSQLDialect does not need to be specified explicitly using 'hibernate.dialect' (remove the property setting and it will be selected by default)
2026-06-10T19:24:37.386-03:00  INFO 24084 --- [biblioteca] [restartedMain] org.hibernate.orm.connections.pooling    : HHH10001005: Database info:
	Database JDBC URL [Connecting through datasource 'HikariDataSource (HikariPool-1)']
	Database driver: undefined/unknown
	Database version: 18.4
	Autocommit mode: undefined/unknown
	Isolation level: undefined/unknown
	Minimum pool size: undefined/unknown
	Maximum pool size: undefined/unknown
2026-06-10T19:24:39.321-03:00  INFO 24084 --- [biblioteca] [restartedMain] o.h.e.t.j.p.i.JtaPlatformInitiator       : HHH000489: No JTA platform available (set 'hibernate.transaction.jta.platform' to enable JTA platform integration)
2026-06-10T19:24:39.556-03:00  INFO 24084 --- [biblioteca] [restartedMain] j.LocalContainerEntityManagerFactoryBean : Initialized JPA EntityManagerFactory for persistence unit 'default'
2026-06-10T19:24:39.650-03:00  INFO 24084 --- [biblioteca] [restartedMain] r$InitializeUserDetailsManagerConfigurer : Global AuthenticationManager configured with UserDetailsService bean with name userDetailsServiceImpl
2026-06-10T19:24:45.253-03:00  INFO 22772 --- [biblioteca] [restartedMain] b.c.e.biblioteca.BibliotecaApplication   : Starting BibliotecaApplication using Java 17.0.12 with PID 22772 (C:\Users\mathe\OneDrive\Desktop\API-Livraria\biblioteca\target\classes started by mathe in C:\Users\mathe\OneDrive\Desktop\API-Livraria\biblioteca)
2026-06-10T19:24:45.258-03:00  INFO 22772 --- [biblioteca] [restartedMain] b.c.e.biblioteca.BibliotecaApplication   : No active profile set, falling back to 1 default profile: "default"
2026-06-10T19:24:45.443-03:00  INFO 22772 --- [biblioteca] [restartedMain] .e.DevToolsPropertyDefaultsPostProcessor : Devtools property defaults active! Set 'spring.devtools.add-properties' to 'false' to disable
2026-06-10T19:24:45.444-03:00  INFO 22772 --- [biblioteca] [restartedMain] .e.DevToolsPropertyDefaultsPostProcessor : For additional web related logging consider setting the 'logging.level.web' property to 'DEBUG'
2026-06-10T19:24:48.085-03:00  INFO 22772 --- [biblioteca] [restartedMain] .s.d.r.c.RepositoryConfigurationDelegate : Bootstrapping Spring Data JPA repositories in DEFAULT mode.
2026-06-10T19:24:48.308-03:00  INFO 22772 --- [biblioteca] [restartedMain] .s.d.r.c.RepositoryConfigurationDelegate : Finished Spring Data repository scanning in 185 ms. Found 4 JPA repository interfaces.
2026-06-10T19:24:50.196-03:00  INFO 22772 --- [biblioteca] [restartedMain] o.s.b.w.embedded.tomcat.TomcatWebServer  : Tomcat initialized with port 8080 (http)
2026-06-10T19:24:50.233-03:00  INFO 22772 --- [biblioteca] [restartedMain] o.apache.catalina.core.StandardService   : Starting service [Tomcat]
2026-06-10T19:24:50.234-03:00  INFO 22772 --- [biblioteca] [restartedMain] o.apache.catalina.core.StandardEngine    : Starting Servlet engine: [Apache Tomcat/10.1.41]
2026-06-10T19:24:50.370-03:00  INFO 22772 --- [biblioteca] [restartedMain] o.a.c.c.C.[Tomcat].[localhost].[/]       : Initializing Spring embedded WebApplicationContext
2026-06-10T19:24:50.371-03:00  INFO 22772 --- [biblioteca] [restartedMain] w.s.c.ServletWebServerApplicationContext : Root WebApplicationContext: initialization completed in 4924 ms
2026-06-10T19:24:50.821-03:00  INFO 22772 --- [biblioteca] [restartedMain] o.hibernate.jpa.internal.util.LogHelper  : HHH000204: Processing PersistenceUnitInfo [name: default]
2026-06-10T19:24:50.961-03:00  INFO 22772 --- [biblioteca] [restartedMain] org.hibernate.Version                    : HHH000412: Hibernate ORM core version 6.6.15.Final
2026-06-10T19:24:51.070-03:00  INFO 22772 --- [biblioteca] [restartedMain] o.h.c.internal.RegionFactoryInitiator    : HHH000026: Second-level cache disabled
2026-06-10T19:24:51.849-03:00  INFO 22772 --- [biblioteca] [restartedMain] o.s.o.j.p.SpringPersistenceUnitInfo      : No LoadTimeWeaver setup: ignoring JPA class transformer
2026-06-10T19:24:51.939-03:00  INFO 22772 --- [biblioteca] [restartedMain] com.zaxxer.hikari.HikariDataSource       : HikariPool-1 - Starting...
2026-06-10T19:24:52.456-03:00  INFO 22772 --- [biblioteca] [restartedMain] com.zaxxer.hikari.pool.HikariPool        : HikariPool-1 - Added connection org.postgresql.jdbc.PgConnection@10cabe1b
2026-06-10T19:24:52.459-03:00  INFO 22772 --- [biblioteca] [restartedMain] com.zaxxer.hikari.HikariDataSource       : HikariPool-1 - Start completed.
2026-06-10T19:24:52.528-03:00  WARN 22772 --- [biblioteca] [restartedMain] org.hibernate.orm.deprecation            : HHH90000025: PostgreSQLDialect does not need to be specified explicitly using 'hibernate.dialect' (remove the property setting and it will be selected by default)
2026-06-10T19:24:52.611-03:00  INFO 22772 --- [biblioteca] [restartedMain] org.hibernate.orm.connections.pooling    : HHH10001005: Database info:
	Database JDBC URL [Connecting through datasource 'HikariDataSource (HikariPool-1)']
	Database driver: undefined/unknown
	Database version: 18.4
	Autocommit mode: undefined/unknown
	Isolation level: undefined/unknown
	Minimum pool size: undefined/unknown
	Maximum pool size: undefined/unknown
2026-06-10T19:24:54.786-03:00  INFO 22772 --- [biblioteca] [restartedMain] o.h.e.t.j.p.i.JtaPlatformInitiator       : HHH000489: No JTA platform available (set 'hibernate.transaction.jta.platform' to enable JTA platform integration)
2026-06-10T19:24:55.011-03:00  INFO 22772 --- [biblioteca] [restartedMain] j.LocalContainerEntityManagerFactoryBean : Initialized JPA EntityManagerFactory for persistence unit 'default'
2026-06-10T19:24:55.125-03:00  INFO 22772 --- [biblioteca] [restartedMain] r$InitializeUserDetailsManagerConfigurer : Global AuthenticationManager configured with UserDetailsService bean with name userDetailsServiceImpl
2026-06-10T19:24:57.705-03:00  INFO 22772 --- [biblioteca] [restartedMain] o.s.b.d.a.OptionalLiveReloadServer       : LiveReload server is running on port 35729
2026-06-10T19:24:57.787-03:00  INFO 22772 --- [biblioteca] [restartedMain] o.s.b.w.embedded.tomcat.TomcatWebServer  : Tomcat started on port 8080 (http) with context path '/'
2026-06-10T19:24:57.829-03:00  INFO 22772 --- [biblioteca] [restartedMain] b.c.e.biblioteca.BibliotecaApplication   : Started BibliotecaApplication in 13.959 seconds (process running for 15.346)
2026-06-10T19:25:03.343-03:00  INFO 24480 --- [biblioteca] [restartedMain] b.c.e.biblioteca.BibliotecaApplication   : Starting BibliotecaApplication using Java 17.0.12 with PID 24480 (C:\Users\mathe\OneDrive\Desktop\API-Livraria\biblioteca\target\classes started by mathe in C:\Users\mathe\OneDrive\Desktop\API-Livraria\biblioteca)
2026-06-10T19:25:03.353-03:00  INFO 24480 --- [biblioteca] [restartedMain] b.c.e.biblioteca.BibliotecaApplication   : No active profile set, falling back to 1 default profile: "default"
2026-06-10T19:25:03.527-03:00  INFO 24480 --- [biblioteca] [restartedMain] .e.DevToolsPropertyDefaultsPostProcessor : Devtools property defaults active! Set 'spring.devtools.add-properties' to 'false' to disable
2026-06-10T19:25:03.528-03:00  INFO 24480 --- [biblioteca] [restartedMain] .e.DevToolsPropertyDefaultsPostProcessor : For additional web related logging consider setting the 'logging.level.web' property to 'DEBUG'
2026-06-10T19:31:51.187-03:00  INFO 23772 --- [biblioteca] [main] b.c.e.b.BibliotecaApplicationTests       : Starting BibliotecaApplicationTests using Java 17.0.12 with PID 23772 (started by mathe in C:\Users\mathe\OneDrive\Desktop\API-Livraria\biblioteca)
2026-06-10T19:31:51.190-03:00  INFO 23772 --- [biblioteca] [main] b.c.e.b.BibliotecaApplicationTests       : No active profile set, falling back to 1 default profile: "default"
2026-06-10T19:31:53.287-03:00  INFO 23772 --- [biblioteca] [main] .s.d.r.c.RepositoryConfigurationDelegate : Bootstrapping Spring Data JPA repositories in DEFAULT mode.
2026-06-10T19:31:53.448-03:00  INFO 23772 --- [biblioteca] [main] .s.d.r.c.RepositoryConfigurationDelegate : Finished Spring Data repository scanning in 141 ms. Found 4 JPA repository interfaces.
2026-06-10T19:31:54.551-03:00  INFO 23772 --- [biblioteca] [main] o.hibernate.jpa.internal.util.LogHelper  : HHH000204: Processing PersistenceUnitInfo [name: default]
2026-06-10T19:31:54.683-03:00  INFO 23772 --- [biblioteca] [main] org.hibernate.Version                    : HHH000412: Hibernate ORM core version 6.6.15.Final
2026-06-10T19:31:54.765-03:00  INFO 23772 --- [biblioteca] [main] o.h.c.internal.RegionFactoryInitiator    : HHH000026: Second-level cache disabled
2026-06-10T19:31:55.455-03:00  INFO 23772 --- [biblioteca] [main] o.s.o.j.p.SpringPersistenceUnitInfo      : No LoadTimeWeaver setup: ignoring JPA class transformer
2026-06-10T19:31:55.531-03:00  INFO 23772 --- [biblioteca] [main] com.zaxxer.hikari.HikariDataSource       : HikariPool-1 - Starting...
2026-06-10T19:31:55.942-03:00  INFO 23772 --- [biblioteca] [main] com.zaxxer.hikari.pool.HikariPool        : HikariPool-1 - Added connection org.postgresql.jdbc.PgConnection@6cd66f6a
2026-06-10T19:31:55.945-03:00  INFO 23772 --- [biblioteca] [main] com.zaxxer.hikari.HikariDataSource       : HikariPool-1 - Start completed.
2026-06-10T19:31:56.014-03:00  WARN 23772 --- [biblioteca] [main] org.hibernate.orm.deprecation            : HHH90000025: PostgreSQLDialect does not need to be specified explicitly using 'hibernate.dialect' (remove the property setting and it will be selected by default)
2026-06-10T19:31:56.057-03:00  INFO 23772 --- [biblioteca] [main] org.hibernate.orm.connections.pooling    : HHH10001005: Database info:
	Database JDBC URL [Connecting through datasource 'HikariDataSource (HikariPool-1)']
	Database driver: undefined/unknown
	Database version: 18.4
	Autocommit mode: undefined/unknown
	Isolation level: undefined/unknown
	Minimum pool size: undefined/unknown
	Maximum pool size: undefined/unknown
2026-06-10T19:31:58.200-03:00  INFO 23772 --- [biblioteca] [main] o.h.e.t.j.p.i.JtaPlatformInitiator       : HHH000489: No JTA platform available (set 'hibernate.transaction.jta.platform' to enable JTA platform integration)
2026-06-10T19:31:58.535-03:00  INFO 23772 --- [biblioteca] [main] j.LocalContainerEntityManagerFactoryBean : Initialized JPA EntityManagerFactory for persistence unit 'default'
2026-06-10T19:31:58.683-03:00  INFO 23772 --- [biblioteca] [main] r$InitializeUserDetailsManagerConfigurer : Global AuthenticationManager configured with UserDetailsService bean with name userDetailsServiceImpl
2026-06-10T19:32:02.394-03:00  INFO 23772 --- [biblioteca] [main] b.c.e.b.BibliotecaApplicationTests       : Started BibliotecaApplicationTests in 12.022 seconds (process running for 14.09)
2026-06-10T19:32:03.777-03:00  INFO 23772 --- [biblioteca] [SpringApplicationShutdownHook] j.LocalContainerEntityManagerFactoryBean : Closing JPA EntityManagerFactory for persistence unit 'default'
2026-06-10T19:32:03.783-03:00  INFO 23772 --- [biblioteca] [SpringApplicationShutdownHook] com.zaxxer.hikari.HikariDataSource       : HikariPool-1 - Shutdown initiated...
2026-06-10T19:32:03.791-03:00  INFO 23772 --- [biblioteca] [SpringApplicationShutdownHook] com.zaxxer.hikari.HikariDataSource       : HikariPool-1 - Shutdown completed.
